
> myhabit@2.0.0 build
> nuxt build

Building Nuxt for production...
• Loading Nuxt config
• Nuxt 4.6.0 (with Nitro 2.13.4, Vite 8.3.3 and Vue 3.5.43)
• Setting up modules
• Preparing app
i Nuxt Icon server bundle mode is set to local
[nuxt:icon] √ Nuxt Icon discovered local-installed 1 collections: lucide
• Nitro preset: node-server
• Generating types
i Nuxt Icon client bundle consist of 87 icons with 22.74KB(uncompressed) in size
• Bundling client
i Building client...
i vite v8.3.3 building client environment for production...
transforming...
• Bundling client (5.17s · 10.2s)
✓ 1091 modules transformed.
• Bundling client (10.2s · 15.2s)
rendering chunks...
computing gzip size...
i node_modules/.cache/nuxt/.nuxt/dist/client/manifest.json                  10.29 kB │ gzip:   1.48 kB
node_modules/.cache/nuxt/.nuxt/dist/client/_nuxt/_kind_.DoEOfq-A.css       0.18 kB │ gzip:   0.15 kB
node_modules/.cache/nuxt/.nuxt/dist/client/_nuxt/default.B_-TDwBw.css      0.23 kB │ gzip:   0.14 kB
node_modules/.cache/nuxt/.nuxt/dist/client/_nuxt/mood.BdfyaNlV.css         0.25 kB │ gzip:   0.14 kB
node_modules/.cache/nuxt/.nuxt/dist/client/_nuxt/focus.D0b1pt6o.css        0.36 kB │ gzip:   0.21 kB
node_modules/.cache/nuxt/.nuxt/dist/client/_nuxt/finance.7z8EF0AW.css      0.63 kB │ gzip:   0.32 kB
node_modules/.cache/nuxt/.nuxt/dist/client/_nuxt/progress.DGp_qWxp.css     0.92 kB │ gzip:   0.42 kB
node_modules/.cache/nuxt/.nuxt/dist/client/_nuxt/settings.BnFrtI7P.css     1.62 kB │ gzip:   0.60 kB
node_modules/.cache/nuxt/.nuxt/dist/client/_nuxt/tools.NG6v4U2m.css        1.74 kB │ gzip:   0.54 kB
node_modules/.cache/nuxt/.nuxt/dist/client/_nuxt/pages.cdBCxMHs.css        1.92 kB │ gzip:   0.66 kB
node_modules/.cache/nuxt/.nuxt/dist/client/_nuxt/error-500.9j-2tfTo.css    1.95 kB │ gzip:   0.72 kB
node_modules/.cache/nuxt/.nuxt/dist/client/_nuxt/error-404.C27E78lj.css    2.70 kB │ gzip:   0.92 kB
node_modules/.cache/nuxt/.nuxt/dist/client/_nuxt/today.CxLjNU9d.css        4.72 kB │ gzip:   1.25 kB
node_modules/.cache/nuxt/.nuxt/dist/client/_nuxt/entry.Rc88a6wp.css      213.33 kB │ gzip:  30.19 kB
node_modules/.cache/nuxt/.nuxt/dist/client/_nuxt/CgvRBUrN.js               0.07 kB │ gzip:   0.09 kB
node_modules/.cache/nuxt/.nuxt/dist/client/_nuxt/CCNW-XKN.js               0.31 kB │ gzip:   0.25 kB
node_modules/.cache/nuxt/.nuxt/dist/client/_nuxt/BGv867kO.js               0.58 kB │ gzip:   0.38 kB
node_modules/.cache/nuxt/.nuxt/dist/client/_nuxt/Dg4yhaa1.js               0.66 kB │ gzip:   0.44 kB
node_modules/.cache/nuxt/.nuxt/dist/client/_nuxt/hePW80VL.js               0.71 kB │ gzip:   0.42 kB
node_modules/.cache/nuxt/.nuxt/dist/client/_nuxt/CP4mPtFb.js               0.80 kB │ gzip:   0.55 kB
node_modules/.cache/nuxt/.nuxt/dist/client/_nuxt/BREpZtwC.js               0.82 kB │ gzip:   0.46 kB
node_modules/.cache/nuxt/.nuxt/dist/client/_nuxt/Bl6mBzHJ.js               2.31 kB │ gzip:   0.97 kB
node_modules/.cache/nuxt/.nuxt/dist/client/_nuxt/DUugMhdl.js               2.73 kB │ gzip:   1.19 kB
node_modules/.cache/nuxt/.nuxt/dist/client/_nuxt/C_y4s4p2.js               3.13 kB │ gzip:   1.34 kB
node_modules/.cache/nuxt/.nuxt/dist/client/_nuxt/CpS0umzE.js               3.59 kB │ gzip:   1.64 kB
node_modules/.cache/nuxt/.nuxt/dist/client/_nuxt/Fjhnwum5.js               4.13 kB │ gzip:   1.75 kB
node_modules/.cache/nuxt/.nuxt/dist/client/_nuxt/CXwwFXIO.js               4.67 kB │ gzip:   2.26 kB
node_modules/.cache/nuxt/.nuxt/dist/client/_nuxt/D7tBma8w.js               4.99 kB │ gzip:   1.86 kB
node_modules/.cache/nuxt/.nuxt/dist/client/_nuxt/Cp1d7hqj.js               5.63 kB │ gzip:   2.29 kB
node_modules/.cache/nuxt/.nuxt/dist/client/_nuxt/C53CXLMm.js               5.83 kB │ gzip:   2.60 kB
node_modules/.cache/nuxt/.nuxt/dist/client/_nuxt/TpfNMeg2.js               6.79 kB │ gzip:   2.84 kB
node_modules/.cache/nuxt/.nuxt/dist/client/_nuxt/DcG07Egj.js               6.81 kB │ gzip:   2.87 kB
node_modules/.cache/nuxt/.nuxt/dist/client/_nuxt/CkI7Wfls.js               7.29 kB │ gzip:   2.93 kB
node_modules/.cache/nuxt/.nuxt/dist/client/_nuxt/B1FLsCFc.js               7.74 kB │ gzip:   2.99 kB
node_modules/.cache/nuxt/.nuxt/dist/client/_nuxt/B6k6ndOA.js               9.22 kB │ gzip:   3.72 kB
node_modules/.cache/nuxt/.nuxt/dist/client/_nuxt/CawzTv-Z.js               9.92 kB │ gzip:   4.21 kB
node_modules/.cache/nuxt/.nuxt/dist/client/_nuxt/D0SpWWUa.js               9.94 kB │ gzip:   3.90 kB
node_modules/.cache/nuxt/.nuxt/dist/client/_nuxt/yx7WQfcZ.js              10.24 kB │ gzip:   4.19 kB
node_modules/.cache/nuxt/.nuxt/dist/client/_nuxt/CYTDrggY.js              10.62 kB │ gzip:   3.73 kB
node_modules/.cache/nuxt/.nuxt/dist/client/_nuxt/yAKqTdLR.js              14.53 kB │ gzip:   5.92 kB
node_modules/.cache/nuxt/.nuxt/dist/client/_nuxt/DB1WyXe2.js              17.21 kB │ gzip:   6.37 kB
node_modules/.cache/nuxt/.nuxt/dist/client/_nuxt/CS40Jqz2.js              21.35 kB │ gzip:   8.85 kB
node_modules/.cache/nuxt/.nuxt/dist/client/_nuxt/CPz15xjl.js              27.16 kB │ gzip:   9.63 kB
node_modules/.cache/nuxt/.nuxt/dist/client/_nuxt/BMjM8R6F.js              29.37 kB │ gzip:   9.34 kB
node_modules/.cache/nuxt/.nuxt/dist/client/_nuxt/w2K9kuwY.js              37.74 kB │ gzip:  14.25 kB
node_modules/.cache/nuxt/.nuxt/dist/client/_nuxt/WT2T0I3r.js              52.52 kB │ gzip:  18.18 kB
node_modules/.cache/nuxt/.nuxt/dist/client/_nuxt/CgkYjhCW.js              70.46 kB │ gzip:  21.21 kB
node_modules/.cache/nuxt/.nuxt/dist/client/_nuxt/o6vUDbG6.js              88.82 kB │ gzip:  34.45 kB
node_modules/.cache/nuxt/.nuxt/dist/client/_nuxt/JB4KLInV.js             468.07 kB │ gzip: 136.74 kB

i ✓ built in 7.10s

 WARN  [PLUGIN_TIMINGS] JavaScript callbacks ran for 6.3s of this 7.1s build (90%).
4 callbacks are listed without a time. Their calls overlapped, so the time inside one call includes work from other calls. To find their cost, profile the build with node --cpu-prof:
  - plugin nuxt:ssr-styles:client resolveId (77 calls)
  - plugin nuxt:resolve-bare-imports resolveId (7 calls)
  - plugin nuxt:fonts:font-family-injection transform (18 calls)
  … and 1 more
See https://rolldown.rs/reference/InputOptions.checks#bundlertimings for more details.


√ Client built in 7194ms
• Bundling server
i Building server...
i vite v8.3.3 building ssr environment for production...
transforming...
• Bundling server (5.09s · 21.2s)
• Bundling server (10.2s · 26.3s)
✓ 845 modules transformed.
• Bundling server (15.2s · 31.3s)
rendering chunks...
i node_modules/.cache/nuxt/.nuxt/dist/server/_nuxt/mood-styles.8bA2TSsn.mjs                   0.08 kB
node_modules/.cache/nuxt/.nuxt/dist/server/_nuxt/DailyPlanEditor-styles.DqV7dkT4.mjs        0.08 kB
node_modules/.cache/nuxt/.nuxt/dist/server/_nuxt/focus-styles.BMCTrc7S.mjs                  0.08 kB
node_modules/.cache/nuxt/.nuxt/dist/server/_nuxt/_kind_-styles.gs9SSLZi.mjs                 0.08 kB
node_modules/.cache/nuxt/.nuxt/dist/server/_nuxt/default-styles.B8DnFW9G.mjs                0.08 kB
node_modules/.cache/nuxt/.nuxt/dist/server/_nuxt/finance-styles.BibYsKUI.mjs                0.08 kB
node_modules/.cache/nuxt/.nuxt/dist/server/_nuxt/index-styles-2.DfGyGKvl.mjs                0.08 kB
node_modules/.cache/nuxt/.nuxt/dist/server/_nuxt/index-styles.CV_t2RK_.mjs                  0.08 kB
node_modules/.cache/nuxt/.nuxt/dist/server/_nuxt/HabitTemplateEditor-styles.z7N1TgBp.mjs    0.08 kB
node_modules/.cache/nuxt/.nuxt/dist/server/_nuxt/ModulePreferences-styles.BB7xFegm.mjs      0.08 kB
node_modules/.cache/nuxt/.nuxt/dist/server/_nuxt/progress-styles.DgeZXTov.mjs               0.08 kB
node_modules/.cache/nuxt/.nuxt/dist/server/_nuxt/error-404-styles.CAgOlBsO.mjs              0.08 kB
node_modules/.cache/nuxt/.nuxt/dist/server/_nuxt/error-500-styles.CImkyAZL.mjs              0.08 kB
node_modules/.cache/nuxt/.nuxt/dist/server/_nuxt/today-styles.Cegu8r5Q.mjs                  0.21 kB
node_modules/.cache/nuxt/.nuxt/dist/server/_nuxt/settings-styles.BuPoh7Rg.mjs               0.22 kB
node_modules/.cache/nuxt/.nuxt/dist/server/styles.mjs                                       1.67 kB
node_modules/.cache/nuxt/.nuxt/dist/server/_nuxt/useSupabaseClient-iNaRvvZY.js              0.31 kB │ map:   0.37 kB
node_modules/.cache/nuxt/.nuxt/dist/server/_nuxt/settings-styles-1.mjs-JXaW9-QR.js          0.47 kB │ map:   0.30 kB
node_modules/.cache/nuxt/.nuxt/dist/server/_nuxt/today-styles-1.mjs-B4fa0Deo.js             0.48 kB │ map:   0.32 kB
node_modules/.cache/nuxt/.nuxt/dist/server/_nuxt/settings-styles-2.mjs-CQj2KDF0.js          0.49 kB │ map:   0.32 kB
node_modules/.cache/nuxt/.nuxt/dist/server/_nuxt/_kind_-styles-1.mjs-uy1CdRhn.js            0.54 kB │ map:   9.96 kB
node_modules/.cache/nuxt/.nuxt/dist/server/_nuxt/default-styles-1.mjs-Bao_4HJW.js           0.58 kB │ map:  15.85 kB
node_modules/.cache/nuxt/.nuxt/dist/server/_nuxt/mood-styles-1.mjs-BbIiYw0V.js              0.58 kB │ map:   6.22 kB
node_modules/.cache/nuxt/.nuxt/dist/server/_nuxt/focus-styles-1.mjs-Uf43g_Ko.js             0.70 kB │ map:   4.94 kB
node_modules/.cache/nuxt/.nuxt/dist/server/_nuxt/finance-styles-1.mjs-CZ3t_ql_.js           0.98 kB │ map:  10.87 kB
node_modules/.cache/nuxt/.nuxt/dist/server/_nuxt/useFeedback--Q_3Tx34.js                    1.24 kB │ map:   1.86 kB
node_modules/.cache/nuxt/.nuxt/dist/server/_nuxt/progress-styles-1.mjs-zbIES070.js          1.28 kB │ map:   8.91 kB
node_modules/.cache/nuxt/.nuxt/dist/server/_nuxt/useSupabaseUser-BZEuDQqA.js                1.61 kB │ map:   6.00 kB
node_modules/.cache/nuxt/.nuxt/dist/server/_nuxt/settings-styles-3.mjs-DXTKy6Ry.js          1.77 kB │ map:  17.00 kB
node_modules/.cache/nuxt/.nuxt/dist/server/_nuxt/today-styles-2.mjs-flQTZnmI.js             1.94 kB │ map:  15.91 kB
node_modules/.cache/nuxt/.nuxt/dist/server/_nuxt/_...slug_-DpONdANH.js                      2.00 kB │ map:   2.31 kB
node_modules/.cache/nuxt/.nuxt/dist/server/_nuxt/index-3-styles-1.mjs-CU0EDX14.js           2.09 kB │ map:   7.14 kB
node_modules/.cache/nuxt/.nuxt/dist/server/_nuxt/callback-BhMU0K_C.js                       2.15 kB │ map:   1.85 kB
node_modules/.cache/nuxt/.nuxt/dist/server/_nuxt/index-2-styles-1.mjs-P_6K7z31.js           2.26 kB │ map:   5.15 kB
node_modules/.cache/nuxt/.nuxt/dist/server/_nuxt/error-500-styles-1.mjs-4gXUZBtG.js         2.34 kB │ map:   4.42 kB
node_modules/.cache/nuxt/.nuxt/dist/server/_nuxt/head-Dflz_uvs.js                           2.70 kB │ map:   8.97 kB
node_modules/.cache/nuxt/.nuxt/dist/server/_nuxt/ready-DxvmV5Bj.js                          3.08 kB │ map:   8.72 kB
node_modules/.cache/nuxt/.nuxt/dist/server/_nuxt/error-404-styles-1.mjs-DTCSWLQl.js         3.09 kB │ map:   6.27 kB
node_modules/.cache/nuxt/.nuxt/dist/server/_nuxt/useFocusTimer-Bss7fj5Q.js                  3.28 kB │ map:   6.40 kB
node_modules/.cache/nuxt/.nuxt/dist/server/_nuxt/today-styles-3.mjs-D2mw-PQv.js             3.41 kB │ map:  15.91 kB
node_modules/.cache/nuxt/.nuxt/dist/server/_nuxt/error-500-9cgofVfC.js                      3.68 kB │ map:   4.80 kB
node_modules/.cache/nuxt/.nuxt/dist/server/_nuxt/error-404-B7oNsJqc.js                      5.46 kB │ map:   7.00 kB
node_modules/.cache/nuxt/.nuxt/dist/server/_nuxt/pages-C3sCesfz.js                          7.30 kB │ map:  12.24 kB
node_modules/.cache/nuxt/.nuxt/dist/server/_nuxt/focus-DQPqjdjv.js                          7.65 kB │ map:  12.88 kB
node_modules/.cache/nuxt/.nuxt/dist/server/_nuxt/useWorkspace-C6rwShxJ.js                   7.74 kB │ map:  18.64 kB
node_modules/.cache/nuxt/.nuxt/dist/server/_nuxt/_id_-DYr3B_5e.js                           8.28 kB │ map:  20.89 kB
node_modules/.cache/nuxt/.nuxt/dist/server/_nuxt/mood-C2NTR7k9.js                           8.63 kB │ map:  15.65 kB
node_modules/.cache/nuxt/.nuxt/dist/server/_nuxt/goals-D1x6A2Ur.js                          9.13 kB │ map:  17.00 kB
node_modules/.cache/nuxt/.nuxt/dist/server/_nuxt/tools-Crb1078y.js                          9.63 kB │ map:  17.32 kB
node_modules/.cache/nuxt/.nuxt/dist/server/_nuxt/error-D_RJ7nk4.js                         10.43 kB │ map:  28.97 kB
node_modules/.cache/nuxt/.nuxt/dist/server/_nuxt/progress-BFxVZWuO.js                      11.26 kB │ map:  23.13 kB
node_modules/.cache/nuxt/.nuxt/dist/server/_nuxt/tasks-De6C84Yn.js                         11.33 kB │ map:  29.05 kB
node_modules/.cache/nuxt/.nuxt/dist/server/_nuxt/nuxt-Cw4DPyB7.js                          12.43 kB │ map:  34.06 kB
node_modules/.cache/nuxt/.nuxt/dist/server/_nuxt/finance-VjO3dtKS.js                       14.02 kB │ map:  28.03 kB
node_modules/.cache/nuxt/.nuxt/dist/server/_nuxt/nuxt-link-DmZtT63Z.js                     14.93 kB │ map:  32.44 kB
node_modules/.cache/nuxt/.nuxt/dist/server/_nuxt/_kind_-DQe0_Xe-.js                        15.50 kB │ map:  28.18 kB
node_modules/.cache/nuxt/.nuxt/dist/server/_nuxt/split-bill-BmWqRU8a.js                    16.46 kB │ map:  34.30 kB
node_modules/.cache/nuxt/.nuxt/dist/server/_nuxt/default-CFZM3A4L.js                       19.15 kB │ map:  39.09 kB
node_modules/.cache/nuxt/.nuxt/dist/server/_nuxt/today--H05EVx2.js                         27.38 kB │ map:  58.30 kB
node_modules/.cache/nuxt/.nuxt/dist/server/_nuxt/settings-CHd1asc9.js                      40.98 kB │ map:  81.43 kB
node_modules/.cache/nuxt/.nuxt/dist/server/_nuxt/components-B-UKsIas.js                    55.81 kB │ map: 106.84 kB
node_modules/.cache/nuxt/.nuxt/dist/server/_nuxt/Icon-Q-By39v5.js                         118.05 kB │ map: 313.43 kB
node_modules/.cache/nuxt/.nuxt/dist/server/server.mjs                                     274.72 kB │ map: 536.50 kB

i ✓ built in 17.53s

 WARN  [PLUGIN_TIMINGS] JavaScript callbacks ran for 15.8s of this 17.5s build (90%).
The slowest callbacks, timed inside each callback (the wait before a callback starts is excluded, the time it awaits is included):
  - plugin vite:vue transform (15%, 2.7s, 86 calls)
  - plugin nuxt:virtual resolveId (8%, 1.5s, 2737 calls)
  - plugin vite:css transform (7%, 1.3s, 34 calls)
  - plugin nuxt:import-protection:impound resolveId (6%, 1.1s, 4311 calls)
  - plugin nuxt:imports-transform transform (6%, 1.0s, 845 calls)
Additional callback time came from the callbacks below and from callbacks under 1s.
4 callbacks are listed without a time. Their calls overlapped, so the time inside one call includes work from other calls. To find their cost, profile the build with node --cpu-prof:
  - plugin nuxt:resolve-externals:external resolveId (953 calls)
  - plugin nuxt:ssr-styles:ssr transform (844 calls)
  - plugin nuxt:ssr-styles:ssr resolveId (92 calls)
  … and 1 more
See https://rolldown.rs/reference/InputOptions.checks#bundlertimings for more details.


√ Server built in 17609ms
• Building Nitro server
[nitro] √ Generated public .output/public
Offline shell: 48 versioned assets (0d2eca1a7416c7d2)
[nitro] i Building Nuxt Nitro server (preset: node-server, compatibility date: 2026-10-08)
• Bundling Nitro server (5.00s · 38.7s)
(node:34044) [DEP0155] DeprecationWarning: Use of deprecated trailing slash pattern mapping "./" in the "exports" field module resolution of the package at D:\github-clone\my-habits\node_modules\@iconify\utils\package.json imported from D:\github-clone\my-habits\node_modules\@nuxt\icon\dist\runtime\server\api.js. Mapping specifiers ending in "/" is no longer supported.
(Use `node --trace-deprecation ...` to show where the warning was created)
• Bundling Nitro server (10.0s · 43.7s)
(node:34044) [DEP0155] DeprecationWarning: Use of deprecated trailing slash pattern mapping "./" in the "exports" field module resolution of the package at D:\github-clone\my-habits\node_modules\@vue\shared\package.json imported from D:\github-clone\my-habits\node_modules\nuxt\dist\runtime\server\renderer\error-template.js. Mapping specifiers ending in "/" is no longer supported.
• Bundling Nitro server (15.4s · 49.2s)
• Bundling Nitro server (20.5s · 54.2s)
(node:34044) [DEP0155] DeprecationWarning: Use of deprecated trailing slash pattern mapping "./" in the "exports" field module resolution of the package at D:\github-clone\my-habits\node_modules\@vueuse\core\package.json imported from D:\github-clone\my-habits\node_modules\.cache\nuxt\.nuxt\dist\server\server.mjs. Mapping specifiers ending in "/" is no longer supported.
(node:34044) [DEP0155] DeprecationWarning: Use of deprecated trailing slash pattern mapping "./" in the "exports" field module resolution of the package at D:\github-clone\my-habits\node_modules\@vueuse\shared\package.json imported from D:\github-clone\my-habits\node_modules\.cache\nuxt\.nuxt\dist\server\server.mjs. Mapping specifiers ending in "/" is no longer supported.
• Bundling Nitro server (26.2s · 1m 00s)
• Bundling Nitro server (32.7s · 1m 06s)
• Bundling Nitro server (37.7s · 1m 11s)
• Bundling Nitro server (42.7s · 1m 16s)
• Bundling Nitro server (48.2s · 1m 22s)
• Bundling Nitro server (53.2s · 1m 27s)
• Bundling Nitro server (58.8s · 1m 32s)
[nitro] √ Nuxt Nitro server built
  ├─ .output/server/chunks/build/callback-BhMU0K_C.mjs (2.45 kB) (1.09 kB gzip)
  ├─ .output/server/chunks/build/callback-BhMU0K_C.mjs.map (795 B) (362 B gzip)
  ├─ .output/server/chunks/build/DailyPlanEditor-styles.DqV7dkT4.mjs (389 B) (225 B gzip)
  ├─ .output/server/chunks/build/DailyPlanEditor-styles.DqV7dkT4.mjs.map (229 B) (174 B gzip)
  ├─ .output/server/chunks/build/default-CFZM3A4L.mjs (18.9 kB) (5.29 kB gzip)
  ├─ .output/server/chunks/build/default-CFZM3A4L.mjs.map (428 B) (286 B gzip)
  ├─ .output/server/chunks/build/default-styles.B8DnFW9G.mjs (625 B) (334 B gzip)
  ├─ .output/server/chunks/build/default-styles.B8DnFW9G.mjs.map (213 B) (167 B gzip)
  ├─ .output/server/chunks/build/error-404-B7oNsJqc.mjs (5.81 kB) (2.3 kB gzip)
  ├─ .output/server/chunks/build/error-404-B7oNsJqc.mjs.map (272 B) (220 B gzip)
  ├─ .output/server/chunks/build/error-404-styles.CAgOlBsO.mjs (3.15 kB) (1.14 kB gzip)
  ├─ .output/server/chunks/build/error-404-styles.CAgOlBsO.mjs.map (217 B) (167 B gzip)
  ├─ .output/server/chunks/build/error-500-9cgofVfC.mjs (4.06 kB) (1.67 kB gzip)
  ├─ .output/server/chunks/build/error-500-9cgofVfC.mjs.map (223 B) (186 B gzip)
  ├─ .output/server/chunks/build/error-500-styles.CImkyAZL.mjs (2.39 kB) (943 B gzip)
  ├─ .output/server/chunks/build/error-500-styles.CImkyAZL.mjs.map (217 B) (168 B gzip)
  ├─ .output/server/chunks/build/finance-styles.BibYsKUI.mjs (1.03 kB) (512 B gzip)
  ├─ .output/server/chunks/build/finance-styles.BibYsKUI.mjs.map (213 B) (166 B gzip)
  ├─ .output/server/chunks/build/finance-VjO3dtKS.mjs (14.2 kB) (3.94 kB gzip)
  ├─ .output/server/chunks/build/finance-VjO3dtKS.mjs.map (10.2 kB) (2.26 kB gzip)
  ├─ .output/server/chunks/build/focus-DQPqjdjv.mjs (7.94 kB) (2.75 kB gzip)
  ├─ .output/server/chunks/build/focus-DQPqjdjv.mjs.map (4.84 kB) (1.26 kB gzip)
  ├─ .output/server/chunks/build/focus-styles.BMCTrc7S.mjs (748 B) (400 B gzip)
  ├─ .output/server/chunks/build/focus-styles.BMCTrc7S.mjs.map (209 B) (165 B gzip)
  ├─ .output/server/chunks/build/goals-D1x6A2Ur.mjs (10.1 kB) (3.32 kB gzip)
  ├─ .output/server/chunks/build/goals-D1x6A2Ur.mjs.map (7.05 kB) (1.82 kB gzip)
  ├─ .output/server/chunks/build/HabitTemplateEditor-styles.z7N1TgBp.mjs (412 B) (230 B gzip)
  ├─ .output/server/chunks/build/HabitTemplateEditor-styles.z7N1TgBp.mjs.map (237 B) (176 B gzip)
  ├─ .output/server/chunks/build/_id_-DYr3B_5e.mjs (8.54 kB) (2.81 kB gzip)
  ├─ .output/server/chunks/build/_id_-DYr3B_5e.mjs.map (6.23 kB) (1.51 kB gzip)
  ├─ .output/server/chunks/build/index-styles-2.DfGyGKvl.mjs (2.14 kB) (743 B gzip)
  ├─ .output/server/chunks/build/index-styles-2.DfGyGKvl.mjs.map (213 B) (166 B gzip)
  ├─ .output/server/chunks/build/index-styles.CV_t2RK_.mjs (2.3 kB) (864 B gzip)
  ├─ .output/server/chunks/build/index-styles.CV_t2RK_.mjs.map (209 B) (164 B gzip)
  ├─ .output/server/chunks/build/_kind_-DQe0_Xe-.mjs (14.9 kB) (4.4 kB gzip)
  ├─ .output/server/chunks/build/_kind_-DQe0_Xe-.mjs.map (10.3 kB) (2.34 kB gzip)
  ├─ .output/server/chunks/build/_kind_-styles.gs9SSLZi.mjs (588 B) (350 B gzip)
  ├─ .output/server/chunks/build/_kind_-styles.gs9SSLZi.mjs.map (211 B) (164 B gzip)
  ├─ .output/server/chunks/build/ModulePreferences-styles.BB7xFegm.mjs (402 B) (228 B gzip)
  ├─ .output/server/chunks/build/ModulePreferences-styles.BB7xFegm.mjs.map (233 B) (171 B gzip)
  ├─ .output/server/chunks/build/mood-C2NTR7k9.mjs (8.85 kB) (3.07 kB gzip)
  ├─ .output/server/chunks/build/mood-C2NTR7k9.mjs.map (5.3 kB) (1.39 kB gzip)
  ├─ .output/server/chunks/build/mood-styles.8bA2TSsn.mjs (626 B) (330 B gzip)
  ├─ .output/server/chunks/build/mood-styles.8bA2TSsn.mjs.map (207 B) (163 B gzip)
  ├─ .output/server/chunks/build/pages-C3sCesfz.mjs (7.65 kB) (2.38 kB gzip)
  ├─ .output/server/chunks/build/pages-C3sCesfz.mjs.map (3.36 kB) (881 B gzip)
  ├─ .output/server/chunks/build/progress-BFxVZWuO.mjs (11.5 kB) (3.66 kB gzip)
  ├─ .output/server/chunks/build/progress-BFxVZWuO.mjs.map (8.64 kB) (2.12 kB gzip)
  ├─ .output/server/chunks/build/progress-styles.DgeZXTov.mjs (1.33 kB) (608 B gzip)
  ├─ .output/server/chunks/build/progress-styles.DgeZXTov.mjs.map (215 B) (164 B gzip)
  ├─ .output/server/chunks/build/settings-CHd1asc9.mjs (41 kB) (9.04 kB gzip)
  ├─ .output/server/chunks/build/settings-CHd1asc9.mjs.map (27.5 kB) (5.13 kB gzip)
  ├─ .output/server/chunks/build/settings-styles-1.mjs-JXaW9-QR.mjs (454 B) (285 B gzip)
  ├─ .output/server/chunks/build/settings-styles-1.mjs-JXaW9-QR.mjs.map (98 B) (107 B gzip)
  ├─ .output/server/chunks/build/settings-styles-2.mjs-CQj2KDF0.mjs (480 B) (300 B gzip)
  ├─ .output/server/chunks/build/settings-styles-2.mjs-CQj2KDF0.mjs.map (98 B) (107 B gzip)
  ├─ .output/server/chunks/build/settings-styles.BuPoh7Rg.mjs (2.3 kB) (862 B gzip)
  ├─ .output/server/chunks/build/settings-styles.BuPoh7Rg.mjs.map (235 B) (173 B gzip)
  ├─ .output/server/chunks/build/_...slug_-DpONdANH.mjs (2.42 kB) (1 kB gzip)
  ├─ .output/server/chunks/build/_...slug_-DpONdANH.mjs.map (1.03 kB) (408 B gzip)
  ├─ .output/server/chunks/build/split-bill-BmWqRU8a.mjs (20.4 kB) (6.4 kB gzip)
  ├─ .output/server/chunks/build/split-bill-BmWqRU8a.mjs.map (16.7 kB) (3.77 kB gzip)
  ├─ .output/server/chunks/build/tasks-De6C84Yn.mjs (11.6 kB) (3.3 kB gzip)
  ├─ .output/server/chunks/build/tasks-De6C84Yn.mjs.map (8.43 kB) (1.92 kB gzip)
  ├─ .output/server/chunks/build/today--H05EVx2.mjs (27.6 kB) (6.67 kB gzip)
  ├─ .output/server/chunks/build/today--H05EVx2.mjs.map (18.7 kB) (3.96 kB gzip)
  ├─ .output/server/chunks/build/today-styles-1.mjs-B4fa0Deo.mjs (466 B) (296 B gzip)
  ├─ .output/server/chunks/build/today-styles-1.mjs-B4fa0Deo.mjs.map (95 B) (105 B gzip)
  ├─ .output/server/chunks/build/today-styles.Cegu8r5Q.mjs (5.54 kB) (1.5 kB gzip)
  ├─ .output/server/chunks/build/today-styles.Cegu8r5Q.mjs.map (229 B) (171 B gzip)
  ├─ .output/server/chunks/build/tools-Crb1078y.mjs (9.98 kB) (3.1 kB gzip)
  ├─ .output/server/chunks/build/tools-Crb1078y.mjs.map (5.17 kB) (1.21 kB gzip)
  ├─ .output/server/chunks/build/useFeedback--Q_3Tx34.mjs (1.16 kB) (603 B gzip)
  ├─ .output/server/chunks/build/useFeedback--Q_3Tx34.mjs.map (1.2 kB) (479 B gzip)
  ├─ .output/server/chunks/build/useFocusTimer-Bss7fj5Q.mjs (3.14 kB) (1.11 kB gzip)
  ├─ .output/server/chunks/build/useFocusTimer-Bss7fj5Q.mjs.map (3.48 kB) (994 B gzip)
  ├─ .output/server/chunks/build/useWorkspace-C6rwShxJ.mjs (33.1 kB) (9.18 kB gzip)
  ├─ .output/server/chunks/build/useWorkspace-C6rwShxJ.mjs.map (464 B) (250 B gzip)
  ├─ .output/server/chunks/_/converters.mjs (2.18 kB) (637 B gzip)
  ├─ .output/server/chunks/_/converters.mjs.map (2.24 kB) (493 B gzip)
  ├─ .output/server/chunks/_/daily-plan.mjs (4.31 kB) (1.31 kB gzip)
  ├─ .output/server/chunks/_/daily-plan.mjs.map (5.47 kB) (1.26 kB gzip)
  ├─ .output/server/chunks/_/error-template.mjs (4.38 kB) (1.71 kB gzip)
  ├─ .output/server/chunks/_/error-template.mjs.map (183 B) (151 B gzip)
  ├─ .output/server/chunks/_/exchange.mjs (1.23 kB) (625 B gzip)
  ├─ .output/server/chunks/_/exchange.mjs.map (1.51 kB) (549 B gzip)
  ├─ .output/server/chunks/_/habits.mjs (4.47 kB) (1.48 kB gzip)
  ├─ .output/server/chunks/_/habits.mjs.map (5.72 kB) (1.41 kB gzip)
  ├─ .output/server/chunks/_/icons.mjs (603 kB) (92.6 kB gzip)
  ├─ .output/server/chunks/_/icons.mjs.map (6.64 kB) (102 B gzip)
  ├─ .output/server/chunks/_/nitro.mjs (228 kB) (59.3 kB gzip)
  ├─ .output/server/chunks/_/nitro.mjs.map (5.19 kB) (1.13 kB gzip)
  ├─ .output/server/chunks/raw/07515f8b.mjs (2.91 kB) (1.27 kB gzip)
  ├─ .output/server/chunks/raw/07515f8b.mjs.map (76 B) (89 B gzip)
  ├─ .output/server/chunks/raw/ac8d498a.mjs (5.16 kB) (1.76 kB gzip)
  ├─ .output/server/chunks/raw/ac8d498a.mjs.map (76 B) (89 B gzip)
  ├─ .output/server/chunks/routes/api/exchange-rates.get.mjs (1.03 kB) (524 B gzip)
  ├─ .output/server/chunks/routes/api/exchange-rates.get.mjs.map (593 B) (308 B gzip)
  ├─ .output/server/chunks/routes/renderer.mjs (22.3 kB) (7.57 kB gzip)
  ├─ .output/server/chunks/routes/renderer.mjs.map (1.17 kB) (289 B gzip)
  ├─ .output/server/chunks/virtual/entry.mjs (719 kB) (156 kB gzip)
  ├─ .output/server/chunks/virtual/entry.mjs.map (18.4 kB) (3.87 kB gzip)
  ├─ .output/server/chunks/virtual/precomputed.mjs (25.4 kB) (2.89 kB gzip)
  ├─ .output/server/chunks/virtual/precomputed.mjs.map (181 B) (150 B gzip)
  ├─ .output/server/chunks/virtual/styles.mjs (2.61 kB) (768 B gzip)
  ├─ .output/server/chunks/virtual/styles.mjs.map (164 B) (142 B gzip)
  ├─ .output/server/index.mjs (1.82 kB) (788 B gzip)
  └─ .output/server/package.json (1.68 kB) (597 B gzip)
Σ Total size: 5.68 MB (1.35 MB gzip)
[nitro] √ You can preview this build using node .output/server/index.mjs
config 440ms · modules 1.36s · app 1.82s · types 1.43s · client 11.0s · server 17.6s · nitro 1m 01s
* ✨ Build complete in 1m 35s!
