
> myhabit@2.0.0 build
> nuxt build

Building Nuxt for production...
• Loading Nuxt config
• Nuxt 4.6.0 (with Nitro 2.13.4, Vite 8.3.3 and Vue 3.5.43)
• Setting up modules
• Preparing app
i Nuxt Icon server bundle mode is set to local
[nuxt:icon] √ Nuxt Icon discovered local-installed 1 collections: lucide
• Nitro preset: node-server
• Generating types
[nuxt] i Compiled #build/types/runtime-config.d.ts in 551.52ms
[nuxt] i Compiled #build/types/imports.d.ts in 502.16ms
[nuxt] i Compiled #build/server-routes.d.ts in 638.14ms
i Nuxt Icon client bundle consist of 43 icons with 10.40KB(uncompressed) in size
[nuxt] i Compiled #build/nuxt-icon-client-bundle.mjs in 552.94ms
[nuxt] i Compiled #build/router.options.mjs in 573.43ms
[nuxt] i Compiled #build/types/supabase-database.d.ts in 606.63ms
[nuxt] i Compiled #build/nuxt.config.mjs in 720.85ms
• Bundling client
i Building client...
i vite v8.3.3 building client environment for production...
• Bundling client (7.17s · 19.9s)
transforming...
• Bundling client (12.2s · 25.0s)
✓ 1080 modules transformed.
rendering chunks...
computing gzip size...
i node_modules/.cache/nuxt/.nuxt/dist/client/manifest.json                   9.09 kB │ gzip:   1.31 kB
node_modules/.cache/nuxt/.nuxt/dist/client/_nuxt/default.DQDl0Fvt.css      0.23 kB │ gzip:   0.14 kB
node_modules/.cache/nuxt/.nuxt/dist/client/_nuxt/mood.DIcuXV67.css         0.25 kB │ gzip:   0.14 kB
node_modules/.cache/nuxt/.nuxt/dist/client/_nuxt/focus.DcIo0l2w.css        0.36 kB │ gzip:   0.21 kB
node_modules/.cache/nuxt/.nuxt/dist/client/_nuxt/progress.DGp_qWxp.css     0.92 kB │ gzip:   0.42 kB
node_modules/.cache/nuxt/.nuxt/dist/client/_nuxt/settings.nZJz7zP3.css     1.62 kB │ gzip:   0.60 kB
node_modules/.cache/nuxt/.nuxt/dist/client/_nuxt/tools.BzaPzPZO.css        1.74 kB │ gzip:   0.54 kB
node_modules/.cache/nuxt/.nuxt/dist/client/_nuxt/pages.cdBCxMHs.css        1.92 kB │ gzip:   0.66 kB
node_modules/.cache/nuxt/.nuxt/dist/client/_nuxt/error-500.9j-2tfTo.css    1.95 kB │ gzip:   0.72 kB
node_modules/.cache/nuxt/.nuxt/dist/client/_nuxt/error-404.C27E78lj.css    2.70 kB │ gzip:   0.92 kB
node_modules/.cache/nuxt/.nuxt/dist/client/_nuxt/today.BxRtj01A.css        4.72 kB │ gzip:   1.25 kB
node_modules/.cache/nuxt/.nuxt/dist/client/_nuxt/entry.DxlbViab.css      210.60 kB │ gzip:  29.60 kB
node_modules/.cache/nuxt/.nuxt/dist/client/_nuxt/Cdg8jClC.js               0.07 kB │ gzip:   0.09 kB
node_modules/.cache/nuxt/.nuxt/dist/client/_nuxt/hePW80VL.js               0.71 kB │ gzip:   0.42 kB
node_modules/.cache/nuxt/.nuxt/dist/client/_nuxt/CHuHLzLN.js               0.79 kB │ gzip:   0.54 kB
node_modules/.cache/nuxt/.nuxt/dist/client/_nuxt/B8C0R-NY.js               0.82 kB │ gzip:   0.46 kB
node_modules/.cache/nuxt/.nuxt/dist/client/_nuxt/VOx8OFHQ.js               1.57 kB │ gzip:   0.77 kB
node_modules/.cache/nuxt/.nuxt/dist/client/_nuxt/omBY3uIe.js               2.31 kB │ gzip:   0.98 kB
node_modules/.cache/nuxt/.nuxt/dist/client/_nuxt/C4UbVHjf.js               2.73 kB │ gzip:   1.20 kB
node_modules/.cache/nuxt/.nuxt/dist/client/_nuxt/DkRwtJ6n.js               3.56 kB │ gzip:   1.63 kB
node_modules/.cache/nuxt/.nuxt/dist/client/_nuxt/DjNXTwIi.js               3.69 kB │ gzip:   1.77 kB
node_modules/.cache/nuxt/.nuxt/dist/client/_nuxt/CZrRvRcF.js               4.13 kB │ gzip:   1.75 kB
node_modules/.cache/nuxt/.nuxt/dist/client/_nuxt/CymF3zQn.js               4.16 kB │ gzip:   2.04 kB
node_modules/.cache/nuxt/.nuxt/dist/client/_nuxt/BgZOSwo7.js               4.57 kB │ gzip:   2.21 kB
node_modules/.cache/nuxt/.nuxt/dist/client/_nuxt/BEZQVhHU.js               4.99 kB │ gzip:   1.84 kB
node_modules/.cache/nuxt/.nuxt/dist/client/_nuxt/w7qPDhjQ.js               5.07 kB │ gzip:   2.35 kB
node_modules/.cache/nuxt/.nuxt/dist/client/_nuxt/D_nbOtSW.js               5.72 kB │ gzip:   2.36 kB
node_modules/.cache/nuxt/.nuxt/dist/client/_nuxt/CN5l0L9z.js               5.99 kB │ gzip:   2.60 kB
node_modules/.cache/nuxt/.nuxt/dist/client/_nuxt/CXPLkyFD.js               6.76 kB │ gzip:   2.82 kB
node_modules/.cache/nuxt/.nuxt/dist/client/_nuxt/D2WJDtRu.js               6.77 kB │ gzip:   2.83 kB
node_modules/.cache/nuxt/.nuxt/dist/client/_nuxt/DW0i3zCs.js               7.29 kB │ gzip:   2.92 kB
node_modules/.cache/nuxt/.nuxt/dist/client/_nuxt/BiOKlEC2.js               9.22 kB │ gzip:   3.72 kB
node_modules/.cache/nuxt/.nuxt/dist/client/_nuxt/a1Ippnx1.js               9.92 kB │ gzip:   4.21 kB
node_modules/.cache/nuxt/.nuxt/dist/client/_nuxt/DpdRu0O9.js               9.94 kB │ gzip:   3.56 kB
node_modules/.cache/nuxt/.nuxt/dist/client/_nuxt/DZIe-f-B.js              14.02 kB │ gzip:   5.79 kB
node_modules/.cache/nuxt/.nuxt/dist/client/_nuxt/DsRx6oC0.js              17.13 kB │ gzip:   6.35 kB
node_modules/.cache/nuxt/.nuxt/dist/client/_nuxt/o4ibO1sE.js              21.35 kB │ gzip:   8.85 kB
node_modules/.cache/nuxt/.nuxt/dist/client/_nuxt/CCVN_HXW.js              25.67 kB │ gzip:   9.18 kB
node_modules/.cache/nuxt/.nuxt/dist/client/_nuxt/CbmzzYAM.js              28.06 kB │ gzip:   8.90 kB
node_modules/.cache/nuxt/.nuxt/dist/client/_nuxt/BNL7sXgE.js              36.64 kB │ gzip:  13.94 kB
node_modules/.cache/nuxt/.nuxt/dist/client/_nuxt/B5-yiVRM.js              57.14 kB │ gzip:  18.74 kB
node_modules/.cache/nuxt/.nuxt/dist/client/_nuxt/BxvYuUYq.js              88.72 kB │ gzip:  34.41 kB
node_modules/.cache/nuxt/.nuxt/dist/client/_nuxt/TjZhTKnC.js             519.23 kB │ gzip: 154.12 kB

i ✓ built in 9.31s

 WARN  [plugin builtin:vite-reporter] 
(!) Some chunks are larger than 500 kB after minification. Consider:
- Using dynamic import() to code-split the application
- Use build.rolldownOptions.output.codeSplitting to improve chunking: https://rolldown.rs/reference/OutputOptions.codeSplitting
- Adjust chunk size limit for this warning via build.chunkSizeWarningLimit.


 WARN  [PLUGIN_TIMINGS] JavaScript callbacks ran for 8.2s of this 9.3s build (89%).
The slowest callbacks, timed inside each callback (the wait before a callback starts is excluded, the time it awaits is included):
  - plugin vite:css transform (15%, 1.4s, 16 calls)
Additional callback time came from the callbacks below and from callbacks under 1s.
4 callbacks are listed without a time. Their calls overlapped, so the time inside one call includes work from other calls. To find their cost, profile the build with node --cpu-prof:
  - plugin nuxt:ssr-styles:client resolveId (73 calls)
  - plugin nuxt:resolve-bare-imports resolveId (7 calls)
  - plugin nuxt:fonts:font-family-injection transform (16 calls)
  … and 1 more
See https://rolldown.rs/reference/InputOptions.checks#bundlertimings for more details.


√ Client built in 9418ms
• Bundling server
i Building server...
i vite v8.3.3 building ssr environment for production...
transforming...
• Bundling server (5.00s · 34.2s)
✓ 838 modules transformed.
rendering chunks...
• Bundling server (10.0s · 39.2s)
i node_modules/.cache/nuxt/.nuxt/dist/server/_nuxt/mood-styles.CuBzurfC.mjs                   0.08 kB
node_modules/.cache/nuxt/.nuxt/dist/server/_nuxt/DailyPlanEditor-styles.Akz9o-Q_.mjs        0.08 kB
node_modules/.cache/nuxt/.nuxt/dist/server/_nuxt/focus-styles.BmPyWnTV.mjs                  0.08 kB
node_modules/.cache/nuxt/.nuxt/dist/server/_nuxt/index-styles.CMdM0dt4.mjs                  0.08 kB
node_modules/.cache/nuxt/.nuxt/dist/server/_nuxt/default-styles.CZJmtUPg.mjs                0.08 kB
node_modules/.cache/nuxt/.nuxt/dist/server/_nuxt/index-styles-2.CxJYAw6v.mjs                0.08 kB
node_modules/.cache/nuxt/.nuxt/dist/server/_nuxt/HabitTemplateEditor-styles.z7N1TgBp.mjs    0.08 kB
node_modules/.cache/nuxt/.nuxt/dist/server/_nuxt/ModulePreferences-styles.BB7xFegm.mjs      0.08 kB
node_modules/.cache/nuxt/.nuxt/dist/server/_nuxt/progress-styles.DgeZXTov.mjs               0.08 kB
node_modules/.cache/nuxt/.nuxt/dist/server/_nuxt/error-404-styles.CAgOlBsO.mjs              0.08 kB
node_modules/.cache/nuxt/.nuxt/dist/server/_nuxt/error-500-styles.CImkyAZL.mjs              0.08 kB
node_modules/.cache/nuxt/.nuxt/dist/server/_nuxt/today-styles.XtOPUeT9.mjs                  0.21 kB
node_modules/.cache/nuxt/.nuxt/dist/server/_nuxt/settings-styles.BmNaiwXi.mjs               0.22 kB
node_modules/.cache/nuxt/.nuxt/dist/server/styles.mjs                                       1.47 kB
node_modules/.cache/nuxt/.nuxt/dist/server/_nuxt/useSupabaseClient-iNaRvvZY.js              0.31 kB │ map:   0.37 kB
node_modules/.cache/nuxt/.nuxt/dist/server/_nuxt/settings-styles-1.mjs-JXaW9-QR.js          0.47 kB │ map:   0.30 kB
node_modules/.cache/nuxt/.nuxt/dist/server/_nuxt/today-styles-1.mjs-DXnn9ado.js             0.48 kB │ map:   0.32 kB
node_modules/.cache/nuxt/.nuxt/dist/server/_nuxt/settings-styles-2.mjs-CQj2KDF0.js          0.49 kB │ map:   0.32 kB
node_modules/.cache/nuxt/.nuxt/dist/server/_nuxt/default-styles-1.mjs-DOR9KNMn.js           0.58 kB │ map:  15.34 kB
node_modules/.cache/nuxt/.nuxt/dist/server/_nuxt/mood-styles-1.mjs-LvKHxJbD.js              0.58 kB │ map:   4.64 kB
node_modules/.cache/nuxt/.nuxt/dist/server/_nuxt/focus-styles-1.mjs-DEnCYO5N.js             0.70 kB │ map:   4.88 kB
node_modules/.cache/nuxt/.nuxt/dist/server/_nuxt/progress-styles-1.mjs-zbIES070.js          1.28 kB │ map:   8.91 kB
node_modules/.cache/nuxt/.nuxt/dist/server/_nuxt/settings-styles-3.mjs-KwynswVf.js          1.77 kB │ map:  16.20 kB
node_modules/.cache/nuxt/.nuxt/dist/server/_nuxt/today-styles-2.mjs-flQTZnmI.js             1.94 kB │ map:  15.91 kB
node_modules/.cache/nuxt/.nuxt/dist/server/_nuxt/_...slug_-DpONdANH.js                      2.00 kB │ map:   2.31 kB
node_modules/.cache/nuxt/.nuxt/dist/server/_nuxt/index-styles-1.mjs-DIFa-cTm.js             2.09 kB │ map:   7.25 kB
node_modules/.cache/nuxt/.nuxt/dist/server/_nuxt/callback-D7NDVFRz.js                       2.14 kB │ map:   1.85 kB
node_modules/.cache/nuxt/.nuxt/dist/server/_nuxt/index-3-styles-1.mjs-P_6K7z31.js           2.26 kB │ map:   5.15 kB
node_modules/.cache/nuxt/.nuxt/dist/server/_nuxt/error-500-styles-1.mjs-4gXUZBtG.js         2.34 kB │ map:   4.42 kB
node_modules/.cache/nuxt/.nuxt/dist/server/_nuxt/head-Dflz_uvs.js                           2.70 kB │ map:   8.97 kB
node_modules/.cache/nuxt/.nuxt/dist/server/_nuxt/useFocusTimer-DbHV33or.js                  2.77 kB │ map:   4.22 kB
node_modules/.cache/nuxt/.nuxt/dist/server/_nuxt/ready-DamJRr9C.js                          3.08 kB │ map:   8.72 kB
node_modules/.cache/nuxt/.nuxt/dist/server/_nuxt/error-404-styles-1.mjs-DTCSWLQl.js         3.09 kB │ map:   6.27 kB
node_modules/.cache/nuxt/.nuxt/dist/server/_nuxt/today-styles-3.mjs-D2mw-PQv.js             3.41 kB │ map:  15.91 kB
node_modules/.cache/nuxt/.nuxt/dist/server/_nuxt/error-500-9cgofVfC.js                      3.68 kB │ map:   4.80 kB
node_modules/.cache/nuxt/.nuxt/dist/server/_nuxt/error-404-CFZoDMmA.js                      5.46 kB │ map:   7.00 kB
node_modules/.cache/nuxt/.nuxt/dist/server/_nuxt/_id_-CK1B9Kfu.js                           5.56 kB │ map:  10.30 kB
node_modules/.cache/nuxt/.nuxt/dist/server/_nuxt/mood-CFnJ2Giw.js                           6.58 kB │ map:  11.86 kB
node_modules/.cache/nuxt/.nuxt/dist/server/_nuxt/useWorkspace-DPEeLxs3.js                   7.19 kB │ map:  16.68 kB
node_modules/.cache/nuxt/.nuxt/dist/server/_nuxt/pages-RoO49jCe.js                          7.27 kB │ map:  12.24 kB
node_modules/.cache/nuxt/.nuxt/dist/server/_nuxt/focus-CF0savNX.js                          7.51 kB │ map:  12.68 kB
node_modules/.cache/nuxt/.nuxt/dist/server/_nuxt/goals-CbqRpYcw.js                          8.01 kB │ map:  14.12 kB
node_modules/.cache/nuxt/.nuxt/dist/server/_nuxt/finance-Cwsn2IdG.js                        8.33 kB │ map:  16.19 kB
node_modules/.cache/nuxt/.nuxt/dist/server/_nuxt/tools-FtLFm_pZ.js                          9.72 kB │ map:  17.55 kB
node_modules/.cache/nuxt/.nuxt/dist/server/_nuxt/error-D_RJ7nk4.js                         10.43 kB │ map:  28.97 kB
node_modules/.cache/nuxt/.nuxt/dist/server/_nuxt/_kind_-N1ZnSiKb.js                        10.60 kB │ map:  18.74 kB
node_modules/.cache/nuxt/.nuxt/dist/server/_nuxt/tasks-B15P94j-.js                         10.94 kB │ map:  27.40 kB
node_modules/.cache/nuxt/.nuxt/dist/server/_nuxt/progress-LT2Zyx8b.js                      11.22 kB │ map:  23.13 kB
node_modules/.cache/nuxt/.nuxt/dist/server/_nuxt/nuxt-Cw4DPyB7.js                          12.43 kB │ map:  33.93 kB
node_modules/.cache/nuxt/.nuxt/dist/server/_nuxt/split-bill-CI05XGVO.js                    14.55 kB │ map:  30.44 kB
node_modules/.cache/nuxt/.nuxt/dist/server/_nuxt/nuxt-link--qzEOpGu.js                     14.93 kB │ map:  32.44 kB
node_modules/.cache/nuxt/.nuxt/dist/server/_nuxt/default-C42S0Zdn.js                       18.79 kB │ map:  37.98 kB
node_modules/.cache/nuxt/.nuxt/dist/server/_nuxt/today-CQN1l-6X.js                         27.29 kB │ map:  58.00 kB
node_modules/.cache/nuxt/.nuxt/dist/server/_nuxt/settings-xzx7KW8x.js                      38.99 kB │ map:  78.15 kB
node_modules/.cache/nuxt/.nuxt/dist/server/_nuxt/components-BGr2wAme.js                    41.35 kB │ map:  88.70 kB
node_modules/.cache/nuxt/.nuxt/dist/server/server.mjs                                     391.92 kB │ map: 853.47 kB

i ✓ built in 10.31s

 WARN  [PLUGIN_TIMINGS] JavaScript callbacks ran for 9.7s of this 10.3s build (95%).
The slowest callbacks, timed inside each callback (the wait before a callback starts is excluded, the time it awaits is included):
  - plugin vite:vue transform (12%, 1.2s, 82 calls)
  - plugin vite:css transform (11%, 1.1s, 30 calls)
Additional callback time came from the callbacks below and from callbacks under 1s.
4 callbacks are listed without a time. Their calls overlapped, so the time inside one call includes work from other calls. To find their cost, profile the build with node --cpu-prof:
  - plugin nuxt:resolve-externals:external resolveId (949 calls)
  - plugin nuxt:ssr-styles:ssr transform (837 calls)
  - plugin nuxt:ssr-styles:ssr resolveId (87 calls)
  … and 1 more
See https://rolldown.rs/reference/InputOptions.checks#bundlertimings for more details.


√ Server built in 10368ms
• Building Nitro server
[nitro] √ Generated public .output/public
[nitro] i Building Nuxt Nitro server (preset: node-server, compatibility date: 2026-10-08)
(node:44736) [DEP0155] DeprecationWarning: Use of deprecated trailing slash pattern mapping "./" in the "exports" field module resolution of the package at D:\github-clone\my-habits\node_modules\@iconify\utils\package.json imported from D:\github-clone\my-habits\node_modules\@nuxt\icon\dist\runtime\server\api.js. Mapping specifiers ending in "/" is no longer supported.
(Use `node --trace-deprecation ...` to show where the warning was created)
• Bundling Nitro server (5.00s · 44.6s)
(node:44736) [DEP0155] DeprecationWarning: Use of deprecated trailing slash pattern mapping "./" in the "exports" field module resolution of the package at D:\github-clone\my-habits\node_modules\@vue\shared\package.json imported from D:\github-clone\my-habits\node_modules\nuxt\dist\runtime\server\renderer\error-template.js. Mapping specifiers ending in "/" is no longer supported.
• Bundling Nitro server (10.0s · 49.6s)
• Bundling Nitro server (15.0s · 54.6s)
(node:44736) [DEP0155] DeprecationWarning: Use of deprecated trailing slash pattern mapping "./" in the "exports" field module resolution of the package at D:\github-clone\my-habits\node_modules\@vueuse\core\package.json imported from D:\github-clone\my-habits\node_modules\.cache\nuxt\.nuxt\dist\server\server.mjs. Mapping specifiers ending in "/" is no longer supported.
(node:44736) [DEP0155] DeprecationWarning: Use of deprecated trailing slash pattern mapping "./" in the "exports" field module resolution of the package at D:\github-clone\my-habits\node_modules\@vueuse\shared\package.json imported from D:\github-clone\my-habits\node_modules\.cache\nuxt\.nuxt\dist\server\server.mjs. Mapping specifiers ending in "/" is no longer supported.
• Bundling Nitro server (20.5s · 1m 00s)
• Bundling Nitro server (27.1s · 1m 06s)
• Bundling Nitro server (32.1s · 1m 11s)
• Bundling Nitro server (38.4s · 1m 18s)
• Bundling Nitro server (43.4s · 1m 23s)
[nitro] √ Nuxt Nitro server built
  ├─ .output/server/chunks/build/callback-D7NDVFRz.mjs (2.46 kB) (1.09 kB gzip)
  ├─ .output/server/chunks/build/callback-D7NDVFRz.mjs.map (795 B) (364 B gzip)
  ├─ .output/server/chunks/build/DailyPlanEditor-styles.Akz9o-Q_.mjs (387 B) (225 B gzip)
  ├─ .output/server/chunks/build/DailyPlanEditor-styles.Akz9o-Q_.mjs.map (229 B) (173 B gzip)
  ├─ .output/server/chunks/build/default-C42S0Zdn.mjs (18.6 kB) (5.25 kB gzip)
  ├─ .output/server/chunks/build/default-C42S0Zdn.mjs.map (428 B) (285 B gzip)
  ├─ .output/server/chunks/build/default-styles.CZJmtUPg.mjs (625 B) (332 B gzip)
  ├─ .output/server/chunks/build/default-styles.CZJmtUPg.mjs.map (213 B) (166 B gzip)
  ├─ .output/server/chunks/build/error-404-CFZoDMmA.mjs (5.81 kB) (2.31 kB gzip)
  ├─ .output/server/chunks/build/error-404-CFZoDMmA.mjs.map (272 B) (220 B gzip)
  ├─ .output/server/chunks/build/error-404-styles.CAgOlBsO.mjs (3.15 kB) (1.14 kB gzip)
  ├─ .output/server/chunks/build/error-404-styles.CAgOlBsO.mjs.map (217 B) (167 B gzip)
  ├─ .output/server/chunks/build/error-500-9cgofVfC.mjs (4.06 kB) (1.66 kB gzip)
  ├─ .output/server/chunks/build/error-500-9cgofVfC.mjs.map (223 B) (186 B gzip)
  ├─ .output/server/chunks/build/error-500-styles.CImkyAZL.mjs (2.39 kB) (943 B gzip)
  ├─ .output/server/chunks/build/error-500-styles.CImkyAZL.mjs.map (217 B) (168 B gzip)
  ├─ .output/server/chunks/build/finance-Cwsn2IdG.mjs (8.63 kB) (2.93 kB gzip)
  ├─ .output/server/chunks/build/finance-Cwsn2IdG.mjs.map (6.03 kB) (1.52 kB gzip)
  ├─ .output/server/chunks/build/focus-CF0savNX.mjs (7.84 kB) (2.71 kB gzip)
  ├─ .output/server/chunks/build/focus-CF0savNX.mjs.map (4.71 kB) (1.24 kB gzip)
  ├─ .output/server/chunks/build/focus-styles.BmPyWnTV.mjs (748 B) (402 B gzip)
  ├─ .output/server/chunks/build/focus-styles.BmPyWnTV.mjs.map (209 B) (165 B gzip)
  ├─ .output/server/chunks/build/goals-CbqRpYcw.mjs (8.33 kB) (2.87 kB gzip)
  ├─ .output/server/chunks/build/goals-CbqRpYcw.mjs.map (5.52 kB) (1.46 kB gzip)
  ├─ .output/server/chunks/build/HabitTemplateEditor-styles.z7N1TgBp.mjs (412 B) (230 B gzip)
  ├─ .output/server/chunks/build/HabitTemplateEditor-styles.z7N1TgBp.mjs.map (237 B) (176 B gzip)
  ├─ .output/server/chunks/build/_id_-CK1B9Kfu.mjs (5.85 kB) (2.15 kB gzip)
  ├─ .output/server/chunks/build/_id_-CK1B9Kfu.mjs.map (4.18 kB) (1.1 kB gzip)
  ├─ .output/server/chunks/build/index-styles-2.CxJYAw6v.mjs (2.31 kB) (867 B gzip)
  ├─ .output/server/chunks/build/index-styles-2.CxJYAw6v.mjs.map (213 B) (168 B gzip)
  ├─ .output/server/chunks/build/index-styles.CMdM0dt4.mjs (2.13 kB) (737 B gzip)
  ├─ .output/server/chunks/build/index-styles.CMdM0dt4.mjs.map (209 B) (162 B gzip)
  ├─ .output/server/chunks/build/_kind_-N1ZnSiKb.mjs (10.9 kB) (3.38 kB gzip)
  ├─ .output/server/chunks/build/_kind_-N1ZnSiKb.mjs.map (8.04 kB) (1.79 kB gzip)
  ├─ .output/server/chunks/build/ModulePreferences-styles.BB7xFegm.mjs (402 B) (228 B gzip)
  ├─ .output/server/chunks/build/ModulePreferences-styles.BB7xFegm.mjs.map (233 B) (171 B gzip)
  ├─ .output/server/chunks/build/mood-CFnJ2Giw.mjs (6.92 kB) (2.52 kB gzip)
  ├─ .output/server/chunks/build/mood-CFnJ2Giw.mjs.map (4.32 kB) (1.16 kB gzip)
  ├─ .output/server/chunks/build/mood-styles.CuBzurfC.mjs (626 B) (329 B gzip)
  ├─ .output/server/chunks/build/mood-styles.CuBzurfC.mjs.map (207 B) (162 B gzip)
  ├─ .output/server/chunks/build/pages-RoO49jCe.mjs (7.66 kB) (2.38 kB gzip)
  ├─ .output/server/chunks/build/pages-RoO49jCe.mjs.map (3.36 kB) (882 B gzip)
  ├─ .output/server/chunks/build/progress-LT2Zyx8b.mjs (11.5 kB) (3.67 kB gzip)
  ├─ .output/server/chunks/build/progress-LT2Zyx8b.mjs.map (8.64 kB) (2.12 kB gzip)
  ├─ .output/server/chunks/build/progress-styles.DgeZXTov.mjs (1.33 kB) (608 B gzip)
  ├─ .output/server/chunks/build/progress-styles.DgeZXTov.mjs.map (215 B) (164 B gzip)
  ├─ .output/server/chunks/build/settings-styles-1.mjs-JXaW9-QR.mjs (454 B) (285 B gzip)
  ├─ .output/server/chunks/build/settings-styles-1.mjs-JXaW9-QR.mjs.map (98 B) (107 B gzip)
  ├─ .output/server/chunks/build/settings-styles-2.mjs-CQj2KDF0.mjs (480 B) (300 B gzip)
  ├─ .output/server/chunks/build/settings-styles-2.mjs-CQj2KDF0.mjs.map (98 B) (107 B gzip)
  ├─ .output/server/chunks/build/settings-styles.BmNaiwXi.mjs (2.3 kB) (861 B gzip)
  ├─ .output/server/chunks/build/settings-styles.BmNaiwXi.mjs.map (235 B) (172 B gzip)
  ├─ .output/server/chunks/build/settings-xzx7KW8x.mjs (39.1 kB) (8.52 kB gzip)
  ├─ .output/server/chunks/build/settings-xzx7KW8x.mjs.map (26.1 kB) (4.79 kB gzip)
  ├─ .output/server/chunks/build/_...slug_-DpONdANH.mjs (2.42 kB) (1 kB gzip)
  ├─ .output/server/chunks/build/_...slug_-DpONdANH.mjs.map (1.03 kB) (408 B gzip)
  ├─ .output/server/chunks/build/split-bill-CI05XGVO.mjs (18.5 kB) (6.02 kB gzip)
  ├─ .output/server/chunks/build/split-bill-CI05XGVO.mjs.map (14.9 kB) (3.43 kB gzip)
  ├─ .output/server/chunks/build/tasks-B15P94j-.mjs (11.2 kB) (3.23 kB gzip)
  ├─ .output/server/chunks/build/tasks-B15P94j-.mjs.map (8.33 kB) (1.9 kB gzip)
  ├─ .output/server/chunks/build/today-CQN1l-6X.mjs (27.6 kB) (6.64 kB gzip)
  ├─ .output/server/chunks/build/today-CQN1l-6X.mjs.map (18.6 kB) (3.94 kB gzip)
  ├─ .output/server/chunks/build/today-styles-1.mjs-DXnn9ado.mjs (466 B) (294 B gzip)
  ├─ .output/server/chunks/build/today-styles-1.mjs-DXnn9ado.mjs.map (95 B) (104 B gzip)
  ├─ .output/server/chunks/build/today-styles.XtOPUeT9.mjs (5.54 kB) (1.5 kB gzip)
  ├─ .output/server/chunks/build/today-styles.XtOPUeT9.mjs.map (229 B) (173 B gzip)
  ├─ .output/server/chunks/build/tools-FtLFm_pZ.mjs (10.1 kB) (3.19 kB gzip)
  ├─ .output/server/chunks/build/tools-FtLFm_pZ.mjs.map (5.19 kB) (1.22 kB gzip)
  ├─ .output/server/chunks/build/useFocusTimer-DbHV33or.mjs (2.71 kB) (983 B gzip)
  ├─ .output/server/chunks/build/useFocusTimer-DbHV33or.mjs.map (3.03 kB) (874 B gzip)
  ├─ .output/server/chunks/build/useWorkspace-DPEeLxs3.mjs (32.6 kB) (9.04 kB gzip)
  ├─ .output/server/chunks/build/useWorkspace-DPEeLxs3.mjs.map (464 B) (249 B gzip)
  ├─ .output/server/chunks/_/converters.mjs (2.18 kB) (637 B gzip)
  ├─ .output/server/chunks/_/converters.mjs.map (2.24 kB) (493 B gzip)
  ├─ .output/server/chunks/_/daily-plan.mjs (4.31 kB) (1.3 kB gzip)
  ├─ .output/server/chunks/_/daily-plan.mjs.map (5.47 kB) (1.26 kB gzip)
  ├─ .output/server/chunks/_/error-template.mjs (4.38 kB) (1.71 kB gzip)
  ├─ .output/server/chunks/_/error-template.mjs.map (183 B) (151 B gzip)
  ├─ .output/server/chunks/_/habits.mjs (4.47 kB) (1.48 kB gzip)
  ├─ .output/server/chunks/_/habits.mjs.map (5.72 kB) (1.41 kB gzip)
  ├─ .output/server/chunks/_/icons.mjs (603 kB) (92.6 kB gzip)
  ├─ .output/server/chunks/_/icons.mjs.map (6.64 kB) (102 B gzip)
  ├─ .output/server/chunks/_/nitro.mjs (226 kB) (58.6 kB gzip)
  ├─ .output/server/chunks/_/nitro.mjs.map (5.19 kB) (1.13 kB gzip)
  ├─ .output/server/chunks/raw/07515f8b.mjs (2.91 kB) (1.27 kB gzip)
  ├─ .output/server/chunks/raw/07515f8b.mjs.map (76 B) (89 B gzip)
  ├─ .output/server/chunks/raw/ac8d498a.mjs (5.16 kB) (1.76 kB gzip)
  ├─ .output/server/chunks/raw/ac8d498a.mjs.map (76 B) (89 B gzip)
  ├─ .output/server/chunks/routes/renderer.mjs (22.3 kB) (7.57 kB gzip)
  ├─ .output/server/chunks/routes/renderer.mjs.map (1.17 kB) (289 B gzip)
  ├─ .output/server/chunks/virtual/entry.mjs (703 kB) (153 kB gzip)
  ├─ .output/server/chunks/virtual/entry.mjs.map (18.4 kB) (3.85 kB gzip)
  ├─ .output/server/chunks/virtual/precomputed.mjs (22.9 kB) (2.52 kB gzip)
  ├─ .output/server/chunks/virtual/precomputed.mjs.map (181 B) (150 B gzip)
  ├─ .output/server/chunks/virtual/styles.mjs (2.3 kB) (688 B gzip)
  ├─ .output/server/chunks/virtual/styles.mjs.map (164 B) (142 B gzip)
  ├─ .output/server/index.mjs (1.82 kB) (788 B gzip)
  └─ .output/server/package.json (1.68 kB) (597 B gzip)
Σ Total size: 5.61 MB (1.34 MB gzip)
[nitro] √ You can preview this build using node .output/server/index.mjs
config 1.22s · modules 4.73s · app 3.83s · types 2.95s · client 16.4s · server 10.3s · nitro 47.4s
* ✨ Build complete in 1m 27s!
